(?:KLEE: .*?
)+Zażółć gęślą jaźń

KLEE: done: total instructions = [0-9]
KLEE: done: completed paths = 1
KLEE: done: generated tests = 1