Error running /usr/bin/clang-3.4 -I /src/klee/include -emit-llvm -c -g /code/code.c -o /code/code.o:
/code/code.c:4:9: warning: missing terminating '"' character \[-Winvalid-pp-token\]
        printf\("Hello world\\n\);
               \^
/code/code.c:4:9: error: expected expression
1 warning and 1 error generated.